(Xa)XeO3+(6Xa)H(e+)+(6Xb)Cl(e-)=(Xa)Xe+(3Xa)H2O+(3Xb)Cl2