(Xa+Xb)MnO4(e-)+(4Xa)NO2(e-)+(8Xb)H(e+)=(Xa+Xb)Mn(2e+)+(4Xa)NO3(e-)+(4Xb)H2O