59311304450010296859561360595124888473431880314518708175327034448304243145580468861265829369392215180644490050569851259
59311304450010296859561360595124888473431880314518708175327034448304243145580468861265829369392215180644490050569194053
19489872576186733578942441775639823727035136166991791062536989500816119210367178809218535328270390085005321364087296853329568
180495322471219973218629655222639137419414552863238339806170468462869307783497012690893964356357717916892085740451
102703
0
1
0
0
1
1
