728982545015428795652927857312718286661714640914319316022268231930303603929566360287154
728982545014085132721320928160790998238538697259051026066748206269557264962711702276352
489753411762404269283968197720606008881763200991107657572976947801704672465352078399255203124022576214363772020194418495477171571958782520681016885896135689747953
1085067583345
262648017937793489596206569202089263259277815299793189336522627453508635408
0
1
0
0
1
1
