1702294438600613810741418407820748866581678480395702301946418276208498309616539240926321821077781817758306739610469350763538
1702294438600613810741418407820748866581678480395702301946418276208498309616539240926321821077781817758306739610469350763320
185550093807466905370814606452461626457402954363131550912159592106726315748202777260969078497478218135655434617541159233213761
15617380170647833126068058787346319876896132847666993595838699781729342290059993036021301110805337777599144400096049089572
81
0
1
0
0
1
1
