3868008064502668506345022868333286082234982216004110005421295728265824257409202008334307546296191716745739683357000761814999223516069384610145621694660348580843448447417451271681229955769
-3868008064502668506345022868333286082234982216004110005421295728265824257409190554596099725014493974783902473807847769580823053720296945664687990216852988121263512917926868478116409703465
22151575878277529477336980886558468544409096560176720584428850881808935187241086036447132269008064558859204909892777039105958868536051758144605484776846529334980985670972752208747024070978355790587186400149293096625185595523480695835549325150853570391153039118655861148944133634236458556115843784
0
5726869103910640848870980918604774576496117088084897886219472728815738903680229789967764745291396782410126152
0
1
1
1
0
0
