9296312082556645895807591399994547253456967664006
9296312082515696266151615286321643570389918975992
190340268473116128119589520176393579201766221661043670500662414354287211566112658895993
454036442362
15748768731556734133311903465327695465
0
1
0
0
1
1
