35797020546576589777834660877992775527405799568262325486268322402802051621838484774619874499940085932867124325843005666227398897369599343427083495748664538139854723470
35797020546576589777834660877992775527405799568262325486268322402802051621838484774619874499940085932867124214149763406482593687421147005227638435503568816457709694038
1999142644042920721278735902457359135093690539835819927134169795585872879349032565276773449487868790847448077216416028739188677994966804107804578849879819547198756109875057981350200412990970909278229357130188988841127649023864
640988117496489589179013014901911210499905493545853841539409025103036681124904287676091570231395010551415734
49903367766015213976426228068248511999916872852089433267210
0
1
0
0
1
1
