3738161007234055693808736812882457593277106914269517070203013274231415854
3738161007234055693808736812882457593277106914269517070203013274229975984
2691232944743049885922192937382532107415953966324624771936606361583276066445265
5192359042460855068594715929747071045687606400952193003817029696056
619559
0
1
0
0
1
1
