75516612534314444029002576668834967318809097822490542138618594170236048033720027
-75516612534314444029002576668834967318809097822490521043083754961683514554967921
796531665328321808929251973273850434394140043178724553993538630223270579006794717643899260778476362720454622
0
10547767419604276266739376053
0
1
1
1
0
0
