8712489703499883792517581642268977727592300722697305470806038002703280158702435861245368490422128182832893164472576857296015261
8712489703499883792516852737416248405644197915559756312659409462187955827357459444166035261857395141718096910716624105453434499
3175288012117658320592072347944853537843688660409806952220851069578370929920937330617123382453105372456616422799467267350466151110179290983897480379546137620524768291597790733029607523919514621271884767352237349647793213688465379280
23905698174121657818140
163847547173781688961968835270247972400116264109098485140828386165211483078234248970329081686355545413540
0
1
0
0
1
1
