18151102600338704706942848393083503830037243408554299443531727875360059282364216473471179473050309187590713654108230078521343922246576793955475625943705612878474888361636065945022889384328267450571557199792302340385396189776901414527747885104578721549367456569788073068160464299842248482534
-18151102600338704706942848393083503830037243408554299443531727875360059282364216473471179473050309187590713654108230078521343922246576793955475625943705612878474888361636065945022889384328267450571557199792302340385396189776901414527747885104578721549367456569788073068160463134210275311042
10578752769635501861477732159136423539893022468307570042308241985812593531750206519511258649638625868391867148157261223967553815662809106374122737785591993257524428157842000305184416152129589507189313719054837027271364227016852194509845003970609973422880609709689003832187070514838604795663993253963983848
0
582815986585746
0
1
1
1
0
0
