92638094686208469896611302508765462229628673845398330668452030102250104271633776554029422293694293391144884402253338723640948980202736816124760369588378095656756670769226220186021816242960853969498872962402193643306996817411743489835688874033489705837326903143281
-92638094686208469896611302508765462229628673845398330668452030102250104271633776554029422293694293391144884402253338723640948980202736816124760369588378095656756670769226220186021816242960779370805486266166409047563393607667632823208067734948316048915223358983405
3455340410712099742615412408311121073224609372810890714415455801653726251457034131725265571460419869889254990751938669326578254492048239127226486486803446803237489025853743086851260682403155948966087645493361823111469627730027184007158439434747467885361714176269701305738275465491272386857621980437939354565089734699593995215820737512734
0
37299346693348117892297871801604872055333313810569542586828461051772079938
0
1
1
1
0
0
