18129483103756108053820332740577754335045564593311339867005089312639028105905906257055002574758378773309698335528944705775659326153319248228356401770810322096079207967
-18129483103756108053820332740577754335045564593311339867005089312639028105905906257055002574758361211085863616327021981545214528821704314516812520345411941789710119671
159197020137962287446050322177055716553699327258637596115147641260729995907033119767458150551359035348619839034709789709029859219367793719693247855253332227844932999043588645667233301440402851843697658343403532603503720207254695223781212
0
8781111917359600961362115222398665807466855771940712699190153184544148
0
1
1
1
0
0
