339339806306872195501671781925450842705
339339806306870705604791066112966843955
252790659459657883206255058547742243143315708489395060332918750
455521198411849
180213034880906758248955
0
1
0
0
1
1
