46724909063050438364374489797447990491470958
46723441558359124202918800746334501077211844
34283973233122291990680944855578149707580362799404794528734840238077617796425889357
63678
293443953194695962946869501785188410755
0
1
0
0
1
1
