73442427745163873447807250199001080556057037912464942516986600953339970010335850021642826454650223796856558262946861415288223743772038629532496342403503558905944428907594412362973199239371270243346735672095057473768404992
-73442427745163873447807250199001080556057037912464942516986600953339970010335850021642826454650223796856558262946861415288223743772038629532496342403503558905944428907594412362966807431236395056911902291999498015839484864
234714953553260770985219547443472595479840637239620494993767287561847461251349961946443997937141591916348094374081881896181834235065048220746149397312909904590010495405910921104689698383901857543890024786753738269603703382155688611285116676966566766207976711355392
0
3195904067437593217416690047779728964460064
0
1
1
1
0
0
