7840495183480457043297815263086262653068112023369347234733649249657295685873188989431507210045924226590147408114771307536
7840495170450276934025202192144768008188209414310081102902946806878817958320435677800018403863734175957105463806579479654
51081532150870990692718462878640426650925157910273003342350256473691266308222431858304768999568762945403170069038984254156185710539674873217054620662068936737337840199460499809035591423677302917133757130404601100950757451651422607895
1203436193
4561688252033573107033436861599635446307625834691732238877368496087841579698757977486676582539842239930662726982
0
1
0
0
1
1
