5664230193922955605589140327464931491597186635810344960384038047774662960905143495769620441998998146905345
-5664230193922955605589140327464931491597186635810344960384022261822200909459531794707406555253873130044981
44707634287692109133754291705289852378670339272969602566991445240353211044155334059470919238728379622794189458063943612047184460632793714358819326569666
0
7892976231025722805850531106943372562508430182
0
1
1
1
0
0
