321932039362520984144885513326817799347562942611445408919805
-321932039362520984144885513326817799347562940756584241539071
298569619174613040893810452354097078362582542317379856504749055951525423746
0
927430583690367
0
1
1
1
0
0
