6420185845730729905583543998883504332891208962441272863491506727242069112659105711946077558658526382026301679283724150
-6420185845730729905583543998883504332891208962441272863491506727242069112659105711946077558658510363041805153491425354
51422428763787447211415318525162226426867333712319045752058782787206949389792498904396898748375019343158261909105236466461662649472684799296
0
8009492248262896149398
0
1
1
1
0
0
