761610799952143093464912299123695990172761603043733260396351850381619194864831840031192457395579141746383120
761610799952143093464912299123695990172761603043733260396351850381619194864831828763550218859769358875780896
4290779009432907207949745525087421239960610204335471381528254190510093361601319459029568275041744915988860443888328692579481472005592896
135185477818491993676365054456890686019642606136444605218502757896890517504776803
1456034736128545969653377072
0
1
0
0
1
1
