3582220583054895508405764802985135052723724817519374993160565018300788881718503316960360455548562080795101428543639182725785147829946674651700874403652263589810076781202
-3582220583054895508405764802985135052723724817519374993160565018300788881718503316960360455548562080795101428543639000231232128224792019741096035316697910092343265030774
326867872061116259403506527977808470983299759149939615148409346548888041431669900438742514461022131643454099674214227664472650960177744103936681031582420678076314598167165135235599879905328736827123027857918907579453381432
0
91247276509802577327455302419543477176748733405875214
0
1
1
1
0
0
