70264769993488094330657661541400336775350397265354189399723295025937382002159904637654531714587542515872195424478191180371784109426375436874
70264400248895803866809074773042576717257212882874881420264039692125295521809791325206511164635614155263209928432132257749784132689397326330
12989975189046854793424966014084738929575627787845105986309076500366202362118088203354191898196356044968795330272370474973556470750662498146926802378893823108604964329667766921036640680841855468730721711447631761929660482700086134924519403148107815404417744854757635461905744
380070
171525273651632546843290288817008009680618822658870406306379177045428201516921845311324905570007008961563647801247295204909422649152562
0
1
0
0
1
1
