79251165654032975909110626149222442892544128254319145230536009739136731085462105288128473412738447414269434251711765294544609812266271272945876353241702
79251165654032975909110626149119350371356461318440729620475267107981217634158978790197321843992685050634436990681465358724091654651389943720821522674770
4085101237167848363343790660705264698124028116390184011288931964086317756780505482587623446951014718809459812854295680148626783407201381108421417864005550601306491296043110364129876618405588188163353527374332254755823294321875108768111901182690131045440591078765087209325976
1537476525765942257273298818195
37936228380042715229410516285879601061201817453203301530325762778588892404055899459542308136972550025487596562110214494366
0
1
0
0
1
1
