49597324544269771321577696925213421559862830158657166067347
49597324544269771305092537261232631153974224931115875717563
408809907009280235957794918802172720497243189397496687701988347005003010742158540758374395398239860
6017208878193315311
3786496668453609179311337299055624521043
0
1
0
0
1
1
