438705980224174887597846927323951350375615817609873192940224140998473868810683678122940618210474225024623069328966188270387521500026
438705980224174887597846927323951350375615817609873192940224140998473868810683678122940618197830473984984109781823878151842616667090
2773444596777620031217823673097762285162081940492035370873608760592704880697733751974531533581656978245436764106839649852176419822637998616164637155236059588546135307233144
69394909603772469153668049415179383741571367218048642973206810030454014429417188410099562756
3653516061686869998391581757772655217750
0
1
0
0
1
1
