541986229284521671177223087817944576503354194028195403615894227687023926894663178987662134542066210591900149528910452647248462650959885160938856669349956581079185360602139111057883123263421313
-541986229284521671177223087817944576503354194028195403615894227687023926894663178987662134542066210591900149528910452647248462650959885160938856669349956581079185343998297302007989127598751253
4499526806861821469516579875704245764450664811782261464880222594132289966643406948445972694782673962566020824264109730850342185678101074535986877909876510685368939498918787573884799546759654514844361492657509115293393490
0
8301920904524946997832335030
0
1
1
1
0
0
