5863258093742696543692419291625801673618720155926248183361389191
-5863258093742696543692419291446097377413268870823604419991483649
526826334603473598886896894969880773221349544335710012162181768682687441150260352705363091284319820
0
89852148102725642551321881684952771
0
1
1
1
0
0
