35478421565325
35478297108707
2207758307636866785944
570132
9070228
0
1
0
0
1
1
