5661970851345355409
-5661970851345350683
13379237121729069247698
0
2363
0
1
1
1
0
0
