620732969684272823979143821944256613460015462082704264744854624921314325244508952037670908842157890477061554758136622896758017916731230666632
-620732969684272823979139934093540936777026605501663369563164939407962754021194919268559892642945491064088626457773073816861974422669466388078
1206658560215556432085075569984866918952095162277337840719478094827344784613761217253903778696401491596594134261132684725068919439069142211213207927011341713844625754190649704001752362221116868915261550120852181097160917396591894337784895487079762218954422335
0
1943925357838341494428290520447590844842756675785611657016384555508099606199706486464150181774539948021747030882139277
0
1
1
1
0
0
