149556636086426
-131812094675442
1248189773689993601505889528
0
8872270705492
0
1
1
1
0
0
