3170963666673159508770023519876378998183579209136367636302083831995762638012590068896301697533157433261025903466408473004031620362637868024360625002117104457545278257061522769448483261332692019427163444414503605170607581970
