7425360196685706000657504443777276459924792268562555461140193409321608189579645471695408721806071555726703042173452024427885308572188080446927839037235674555985965188160531896228775799426314343990282480322391016599341794490628733095054985553770
