1809512044551692655406225139715405751915206254405001643475281307930727676385534008040400616753578580937871861700342400990377572665393597267889960941956932142993945467505987366383474851998539336893720015129609667350619591676590337281188090573638646556809550845433225
