37778836903831595695201470777309229839773551961489750046732082457611439712262813113335044466735332109569996715668712657744945982103893991270963986356160871698641680057243325115436123428076999004759147678277816772926646623205671986400
