1235993108177835300823625652086639704989602394234429439060631925965720599183674377287975699474193013924611660132311865958723623939085949712239504437869177236186070296096383650706382523420987887748131962376213131706414022981051837762720227599670320478957888000839495290263660019260128478492585274039160415113320365533810
