3397822739207286599858827604204791946636365613960601816424945404992975473897481032663609938990115076414320609713778643934125420920085676681934948741939418503939299382593810184686850690509489940311089416260943060536708359350143398947353098288264431429489964320033956639859276072420521000
