7217390127327317251595192591606451811580155374027334499303264779829663653414170972041125497172193120010499932114687670548574032434317661186532653518169261100528560578501413546283754761767098808403105355268577471660740081003889879824517621655028348963280286923084062813564646794075898477577915114479854221211677809980243928023090
