45717694550900193062156457116655489919516201484377852978424027110726984589665009619474242087835422109841604097996780281570600710961075899816525019224527670657129728715203031166499696913811092057201046753728838242032271835065811909830519166515210104454869675885961486035715790066138074064980
