39980777465158791871652924543925749349663672731680512485617319918276864324219686123169424928472117483923001564439585891074792456060684401169231486120887787862620471286004400104551229742340590623350825387470814098063135047470777924866193434907184990980
