838046371783130119554794615394737707995121488765125252109248267625930922320309372292120925409529567689403728547592444135801985768351787024387016794457097557028068290658034071390319543810672022298130109870209537852266938534433597135673355263313872
